[neitavir.site/index.html]
[backblue.gif]
[fade.gif]
[index.html]
[neitavir.site/css/style1.css]
[neitavir.site/backgry.jpg]
[neitavir.site/012.png]
[neitavir.site/dofusbg.png]
[neitavir.site/img/little123.png]
[neitavir.site/419541.png]
[neitavir.site/raval.jpg]
[neitavir.site/raval.png]
[neitavir.site/logoakkk.jpg]
[neitavir.site/ecri1.png]
[neitavir.site/ecri8.png]
[neitavir.site/ecri3.png]
[neitavir.site/ecri4.png]
[neitavir.site/ecri5.png]
[neitavir.site/ecri6.png]
[neitavir.site/ecri9.png]
[neitavir.site/ecri7.png]
[neitavir.site/js/script.js]
[neitavir.site/common.js]
[neitavir.site/common2.js]
[neitavir.site/index.html]
[neitavir.site/s.ankama.com/www/static.ankama.com/dofus/ng/img/logo_dofus.html]
[neitavir.site/apple-touch-icon.html]
[neitavir.site/css/pipo.css]
[neitavir.site/css/sprite.png]
[neitavir.site/css/cotop.css]
[neitavir.site/img/bg1.jpg]
[neitavir.site/css/style1.css]
[neitavir.site/css/bg-item.jpg]
[neitavir.site/css/kso.css]
[neitavir.site/css/homepage.css]
[neitavir.site/fr/mmorpg/actualites/news/1011122-vengeance-dragon-plumes-quoi-faut-attendre.html]
[neitavir.site/fr/forum/1003-divers.html]
[neitavir.site/fr/forum.html]
[static.ankama.com/g/modules/ads/assets/generic-dofus-ad-fr.html]
[neitavir.site/dofus/ng/modules/icons/sprite.html]
[neitavir.site/fonts/fontawesome-webfont862f.html]
[neitavir.site/fonts/fontawesome-webfontd41d.html]
[neitavir.site/fonts/fontawesome-webfont862f-2.html]
[neitavir.site/fonts/fontawesome-webfont862f-3.html]
[neitavir.site/fonts/fontawesome-webfont862f-4.html]
[neitavir.site/g/modules/masterpage/common/fonts/roboto_400.html]
[neitavir.site/g/modules/block/autocomplete/dofus/ajax-loader-indicator.html]
[neitavir.site/g/modules/mmorpg/homepage/assets/dofus/bg-shop.html]
[neitavir.site/g/modules/mmorpg/homepage/assets/dofus/icon-shop.html]
[neitavir.site/g/modules/mmorpg/homepage/assets/dofus/bg-article.html]
[neitavir.site/g/modules/mmorpg/homepage/assets/dofus/bg-new.html]
[neitavir.site/g/modules/mmorpg/homepage/assets/dofus/icon-ogrines.html]
[neitavir.site/g/modules/mmorpg/homepage/assets/dofus/sprite_shop.html]
[neitavir.site/fr/ladder/kolizeum/g/modules/lists/dofus/bg-item.html]
[neitavir.site/g/modules/lists/dofus/bg-item-hover.html]
[neitavir.site/g/modules/cms/item/dofus/li.html]
[neitavir.site/g/modules/mmorpg/community/event/10years/map/dofus/icon.html]
[neitavir.site/g/modules/mmorpg/10years/quiz/dofus/stripes-blue.html]
[neitavir.site/dofus/ng/modules/mmorpg/encyclopedia/breeds/assets/breeds.html]
[neitavir.site/dofus/ng/modules/mmorpg/encyclopedia/breeds/assets/icons/big.html]
[neitavir.site/dofus/ng/modules/mmorpg/new/eventsirl/banner.fr.html]
[neitavir.site/dofus/ng/modules/mmorpg/new/eventsirl/dofus/type_autograph_list.html]
[neitavir.site/dofus/ng/modules/mmorpg/new/eventsirl/dofus/type_concert_list.html]
[neitavir.site/dofus/ng/modules/mmorpg/new/eventsirl/dofus/type_exhibition_list.html]
[neitavir.site/dofus/ng/modules/mmorpg/new/eventsirl/dofus/type_fair_list.html]
[neitavir.site/dofus/ng/modules/mmorpg/new/eventsirl/dofus/type_projection_list.html]
[neitavir.site/dofus/ng/modules/mmorpg/new/eventsirl/dofus/type_tournament_list.html]
[neitavir.site/dofus/ng/modules/mmorpg/encyclopedia/jobs/assets/jobs-43.html]
[neitavir.site/dofus/ng/modules/mmorpg/encyclopedia/jobs/assets/no_job.html]
[neitavir.site/dofus/ng/modules/mmorpg/encyclopedia/jobs/assets/jobs-30.html]
[neitavir.site/dofus/ng/modules/mmorpg/community/icons/sprite.html]
[neitavir.site/dofus/ng/modules/mmorpg/encyclopedia/icons/sprite.html]
[neitavir.site/g/modules/content/gifplayer/img/play.html]
[neitavir.site/g/modules/content/gifplayer/img/loading.html]
[neitavir.site/fr/ladder/kolizeum/dofus/ng/modules/icons/sprite.html]
[neitavir.site/fr/ladder/kolizeum/g/modules/masterpage/common/fonts/roboto_400.html]
[neitavir.site/fr/ladder/kolizeum/g/modules/block/autocomplete/dofus/ajax-loader-indicator.html]
[neitavir.site/fr/ladder/kolizeum/g/modules/mmorpg/homepage/assets/dofus/bg-shop.html]
[neitavir.site/fr/ladder/kolizeum/g/modules/mmorpg/homepage/assets/dofus/icon-shop.html]
[neitavir.site/fr/ladder/kolizeum/g/modules/mmorpg/homepage/assets/dofus/bg-article.html]
[neitavir.site/fr/ladder/kolizeum/g/modules/mmorpg/homepage/assets/dofus/bg-new.html]
[neitavir.site/fr/ladder/kolizeum/g/modules/mmorpg/homepage/assets/dofus/icon-ogrines.html]
[neitavir.site/fr/ladder/kolizeum/g/modules/mmorpg/homepage/assets/dofus/sprite_shop.html]
[neitavir.site/fr/ladder/kolizeum/g/modules/lists/dofus/bg-item-hover.html]
[neitavir.site/fr/ladder/kolizeum/g/modules/cms/item/dofus/li.html]
[neitavir.site/fr/ladder/kolizeum/g/modules/mmorpg/community/event/10years/map/dofus/icon.html]
[neitavir.site/fr/ladder/kolizeum/g/modules/mmorpg/10years/quiz/dofus/stripes-blue.html]
[neitavir.site/fr/ladder/kolizeum/g/modules/content/gifplayer/img/play.html]
[neitavir.site/fr/ladder/kolizeum/g/modules/content/gifplayer/img/loading.html]
[neitavir.site/dofus/ng/modules/mmorpg/homepage/assets/sprite_shop.html]
[neitavir.site/dofus/ng/modules/mmorpg/encyclopedia/icons/life.html]
[neitavir.site/dofus/ng/modules/mmorpg/encyclopedia/icons/move.html]
[neitavir.site/dofus/ng/modules/mmorpg/encyclopedia/icons/action.html]
[neitavir.site/dofus/ng/modules/mmorpg/encyclopedia/icons/earth.html]
[neitavir.site/dofus/ng/modules/mmorpg/encyclopedia/icons/air.html]
[neitavir.site/dofus/ng/modules/mmorpg/encyclopedia/icons/water.html]
[neitavir.site/dofus/ng/modules/mmorpg/encyclopedia/icons/fire.html]
[neitavir.site/dofus/ng/modules/mmorpg/encyclopedia/icons/neutral.html]
[neitavir.site/dofus/ng/modules/mmorpg/encyclopedia/icons/help_off.html]
[neitavir.site/dofus/ng/modules/mmorpg/encyclopedia/icons/help_on.html]
[neitavir.site/dofus/ng/modules/mmorpg/encyclopedia/breeds/assets/arrows.html]
[neitavir.site/dofus/ng/modules/mmorpg/encyclopedia/breeds/assets/male.html]
[neitavir.site/dofus/ng/modules/mmorpg/encyclopedia/breeds/assets/female.html]
[neitavir.site/dofus/ng/modules/mmorpg/encyclopedia/breeds/assets/arrows-grey.html]
[neitavir.site/dofus/ng/modules/mmorpg/encyclopedia/breeds/assets/roles-illu.html]
[neitavir.site/dofus/ng/modules/mmorpg/encyclopedia/breeds/assets/roles/sprite.html]
[neitavir.site/dofus/ng/modules/mmorpg/encyclopedia/breeds/assets/roles/bg-role.html]
[neitavir.site/dofus/ng/modules/mmorpg/encyclopedia/breeds/assets/picto/breeds_picto_sprite.html]
[neitavir.site/dofus/ng/modules/mmorpg/encyclopedia/breeds/assets/illu/1.html]
[neitavir.site/dofus/ng/modules/mmorpg/encyclopedia/breeds/assets/illu/2.html]
[neitavir.site/dofus/ng/modules/mmorpg/encyclopedia/breeds/assets/illu/3.html]
[neitavir.site/dofus/ng/modules/mmorpg/encyclopedia/breeds/assets/illu/4.html]
[neitavir.site/dofus/ng/modules/mmorpg/encyclopedia/breeds/assets/illu/5.html]
[neitavir.site/dofus/ng/modules/mmorpg/encyclopedia/breeds/assets/illu/6.html]
[neitavir.site/dofus/ng/modules/mmorpg/encyclopedia/breeds/assets/illu/7.html]
[neitavir.site/dofus/ng/modules/mmorpg/encyclopedia/breeds/assets/illu/8.html]
[neitavir.site/dofus/ng/modules/mmorpg/encyclopedia/breeds/assets/illu/9.html]
[neitavir.site/dofus/ng/modules/mmorpg/encyclopedia/breeds/assets/illu/10.html]
[neitavir.site/dofus/ng/modules/mmorpg/encyclopedia/breeds/assets/illu/11.html]
[neitavir.site/dofus/ng/modules/mmorpg/encyclopedia/breeds/assets/illu/12.html]
[neitavir.site/dofus/ng/modules/mmorpg/encyclopedia/breeds/assets/illu/13.html]
[neitavir.site/dofus/ng/modules/mmorpg/encyclopedia/breeds/assets/illu/14.html]
[neitavir.site/dofus/ng/modules/mmorpg/encyclopedia/breeds/assets/illu/15.html]
[neitavir.site/dofus/ng/modules/mmorpg/encyclopedia/breeds/assets/illu/16.html]
[neitavir.site/dofus/ng/modules/mmorpg/encyclopedia/breeds/assets/illu/17.html]
[neitavir.site/dofus/ng/modules/mmorpg/encyclopedia/breeds/assets/illu/18.html]
[neitavir.site/dofus/ng/modules/mmorpg/encyclopedia/breeds/assets/bg/breed-1-s-x2.html]
[neitavir.site/dofus/ng/modules/mmorpg/encyclopedia/breeds/assets/logo-feca.html]
[neitavir.site/dofus/ng/modules/mmorpg/encyclopedia/breeds/assets/pedestal-1-x2.html]
[neitavir.site/dofus/ng/modules/mmorpg/encyclopedia/breeds/assets/bg-breed-1.html]
[neitavir.site/dofus/ng/modules/mmorpg/encyclopedia/breeds/assets/bg/breed-1.html]
[neitavir.site/dofus/ng/modules/mmorpg/encyclopedia/breeds/assets/bg/breed-2-s-x2.html]
[neitavir.site/dofus/ng/modules/mmorpg/encyclopedia/breeds/assets/logo-osamodas.html]
[neitavir.site/dofus/ng/modules/mmorpg/encyclopedia/breeds/assets/pedestal-2-x2.html]
[neitavir.site/dofus/ng/modules/mmorpg/encyclopedia/breeds/assets/bg-breed-2.html]
[neitavir.site/dofus/ng/modules/mmorpg/encyclopedia/breeds/assets/bg/breed-2.html]
[neitavir.site/dofus/ng/modules/mmorpg/encyclopedia/breeds/assets/bg/breed-3-s-x2.html]
[neitavir.site/dofus/ng/modules/mmorpg/encyclopedia/breeds/assets/logo-enutrof.html]
[neitavir.site/dofus/ng/modules/mmorpg/encyclopedia/breeds/assets/pedestal-3-x2.html]
[neitavir.site/dofus/ng/modules/mmorpg/encyclopedia/breeds/assets/bg-breed-3.html]
[neitavir.site/dofus/ng/modules/mmorpg/encyclopedia/breeds/assets/bg/breed-3.html]
[neitavir.site/dofus/ng/modules/mmorpg/encyclopedia/breeds/assets/bg/breed-4-s-x2.html]
[neitavir.site/dofus/ng/modules/mmorpg/encyclopedia/breeds/assets/logo-sram.html]
[neitavir.site/dofus/ng/modules/mmorpg/encyclopedia/breeds/assets/pedestal-4-x2.html]
[neitavir.site/dofus/ng/modules/mmorpg/encyclopedia/breeds/assets/bg-breed-4.html]
[neitavir.site/dofus/ng/modules/mmorpg/encyclopedia/breeds/assets/bg/breed-4.html]
[neitavir.site/dofus/ng/modules/mmorpg/encyclopedia/breeds/assets/bg/breed-5-s-x2.html]
[neitavir.site/dofus/ng/modules/mmorpg/encyclopedia/breeds/assets/logo-xelor.html]
[neitavir.site/dofus/ng/modules/mmorpg/encyclopedia/breeds/assets/pedestal-5-x2.html]
[neitavir.site/dofus/ng/modules/mmorpg/encyclopedia/breeds/assets/bg-breed-5.html]
[neitavir.site/dofus/ng/modules/mmorpg/encyclopedia/breeds/assets/bg/breed-5.html]
[neitavir.site/dofus/ng/modules/mmorpg/encyclopedia/breeds/assets/bg/breed-6-s-x2.html]
[neitavir.site/dofus/ng/modules/mmorpg/encyclopedia/breeds/assets/logo-ecaflip.html]
[neitavir.site/dofus/ng/modules/mmorpg/encyclopedia/breeds/assets/pedestal-6-x2.html]
[neitavir.site/dofus/ng/modules/mmorpg/encyclopedia/breeds/assets/bg-breed-6.html]
[neitavir.site/dofus/ng/modules/mmorpg/encyclopedia/breeds/assets/bg/breed-6.html]
[neitavir.site/dofus/ng/modules/mmorpg/encyclopedia/breeds/assets/bg/breed-7-s-x2.html]
[neitavir.site/dofus/ng/modules/mmorpg/encyclopedia/breeds/assets/logo-eniripsa.html]
[neitavir.site/dofus/ng/modules/mmorpg/encyclopedia/breeds/assets/pedestal-7-x2.html]
[neitavir.site/dofus/ng/modules/mmorpg/encyclopedia/breeds/assets/bg-breed-7.html]
[neitavir.site/dofus/ng/modules/mmorpg/encyclopedia/breeds/assets/bg/breed-7.html]
[neitavir.site/dofus/ng/modules/mmorpg/encyclopedia/breeds/assets/bg/breed-8-s-x2.html]
[neitavir.site/dofus/ng/modules/mmorpg/encyclopedia/breeds/assets/logo-iop.html]
[neitavir.site/dofus/ng/modules/mmorpg/encyclopedia/breeds/assets/pedestal-8-x2.html]
[neitavir.site/dofus/ng/modules/mmorpg/encyclopedia/breeds/assets/bg-breed-8.html]
[neitavir.site/dofus/ng/modules/mmorpg/encyclopedia/breeds/assets/bg/breed-8.html]
[neitavir.site/dofus/ng/modules/mmorpg/encyclopedia/breeds/assets/bg/breed-9-s-x2.html]
[neitavir.site/dofus/ng/modules/mmorpg/encyclopedia/breeds/assets/logo-cra.html]
[neitavir.site/dofus/ng/modules/mmorpg/encyclopedia/breeds/assets/pedestal-9-x2.html]
[neitavir.site/dofus/ng/modules/mmorpg/encyclopedia/breeds/assets/bg-breed-9.html]
[neitavir.site/dofus/ng/modules/mmorpg/encyclopedia/breeds/assets/bg/breed-9.html]
[neitavir.site/dofus/ng/modules/mmorpg/encyclopedia/breeds/assets/bg/breed-10-s-x2.html]
[neitavir.site/dofus/ng/modules/mmorpg/encyclopedia/breeds/assets/logo-sadida.html]
[neitavir.site/dofus/ng/modules/mmorpg/encyclopedia/breeds/assets/pedestal-10-x2.html]
[neitavir.site/dofus/ng/modules/mmorpg/encyclopedia/breeds/assets/bg-breed-10.html]
[neitavir.site/dofus/ng/modules/mmorpg/encyclopedia/breeds/assets/bg/breed-10.html]
[neitavir.site/dofus/ng/modules/mmorpg/encyclopedia/breeds/assets/bg/breed-11-s-x2.html]
[neitavir.site/dofus/ng/modules/mmorpg/encyclopedia/breeds/assets/logo-sacrieur.html]
[neitavir.site/dofus/ng/modules/mmorpg/encyclopedia/breeds/assets/pedestal-11-x2.html]
[neitavir.site/dofus/ng/modules/mmorpg/encyclopedia/breeds/assets/bg-breed-11.html]
[neitavir.site/dofus/ng/modules/mmorpg/encyclopedia/breeds/assets/bg/breed-11.html]
[neitavir.site/dofus/ng/modules/mmorpg/encyclopedia/breeds/assets/bg/breed-12-s-x2.html]
[neitavir.site/dofus/ng/modules/mmorpg/encyclopedia/breeds/assets/logo-pandawa.html]
[neitavir.site/dofus/ng/modules/mmorpg/encyclopedia/breeds/assets/pedestal-12-x2.html]
[neitavir.site/dofus/ng/modules/mmorpg/encyclopedia/breeds/assets/bg-breed-12.html]
[neitavir.site/dofus/ng/modules/mmorpg/encyclopedia/breeds/assets/bg/breed-12.html]
[neitavir.site/dofus/ng/modules/mmorpg/encyclopedia/breeds/assets/bg/breed-13-s-x2.html]
[neitavir.site/dofus/ng/modules/mmorpg/encyclopedia/breeds/assets/logo-roublard.html]
[neitavir.site/dofus/ng/modules/mmorpg/encyclopedia/breeds/assets/pedestal-13-x2.html]
[neitavir.site/dofus/ng/modules/mmorpg/encyclopedia/breeds/assets/bg-breed-13.html]
[neitavir.site/dofus/ng/modules/mmorpg/encyclopedia/breeds/assets/bg/breed-13.html]
[neitavir.site/dofus/ng/modules/mmorpg/encyclopedia/breeds/assets/bg/breed-14-s-x2.html]
[neitavir.site/dofus/ng/modules/mmorpg/encyclopedia/breeds/assets/logo-zobal.html]
[neitavir.site/dofus/ng/modules/mmorpg/encyclopedia/breeds/assets/pedestal-14-x2.html]
[neitavir.site/dofus/ng/modules/mmorpg/encyclopedia/breeds/assets/bg-breed-14.html]
[neitavir.site/dofus/ng/modules/mmorpg/encyclopedia/breeds/assets/bg/breed-14.html]
[neitavir.site/dofus/ng/modules/mmorpg/encyclopedia/breeds/assets/bg/breed-15-s-x2.html]
[neitavir.site/dofus/ng/modules/mmorpg/encyclopedia/breeds/assets/logo-steamer.html]
[neitavir.site/dofus/ng/modules/mmorpg/encyclopedia/breeds/assets/pedestal-15-x2.html]
[neitavir.site/dofus/ng/modules/mmorpg/encyclopedia/breeds/assets/bg-breed-15.html]
[neitavir.site/dofus/ng/modules/mmorpg/encyclopedia/breeds/assets/bg/breed-15.html]
[neitavir.site/dofus/ng/modules/mmorpg/encyclopedia/breeds/assets/bg/breed-16-s-x2.html]
[neitavir.site/dofus/ng/modules/mmorpg/encyclopedia/breeds/assets/logo-eliotrope.html]
[neitavir.site/dofus/ng/modules/mmorpg/encyclopedia/breeds/assets/pedestal-16-x2.html]
[neitavir.site/dofus/ng/modules/mmorpg/encyclopedia/breeds/assets/bg-breed-16.html]
[neitavir.site/dofus/ng/modules/mmorpg/encyclopedia/breeds/assets/bg/breed-16.html]
[neitavir.site/dofus/ng/modules/mmorpg/encyclopedia/breeds/assets/bg/breed-17-s-x2.html]
[neitavir.site/dofus/ng/modules/mmorpg/encyclopedia/breeds/assets/logo-huppermage.html]
[neitavir.site/dofus/ng/modules/mmorpg/encyclopedia/breeds/assets/pedestal-17-x2.html]
[neitavir.site/dofus/ng/modules/mmorpg/encyclopedia/breeds/assets/bg-breed-17.html]
[neitavir.site/dofus/ng/modules/mmorpg/encyclopedia/breeds/assets/bg/breed-17.html]
[neitavir.site/dofus/ng/modules/mmorpg/encyclopedia/breeds/assets/bg/breed-18-s-x2.html]
[neitavir.site/dofus/ng/modules/mmorpg/encyclopedia/breeds/assets/logo-ouginak.html]
[neitavir.site/dofus/ng/modules/mmorpg/encyclopedia/breeds/assets/pedestal-18-x2.html]
[neitavir.site/dofus/ng/modules/mmorpg/encyclopedia/breeds/assets/bg-breed-18.html]
[neitavir.site/dofus/ng/modules/mmorpg/encyclopedia/breeds/assets/bg/breed-18.html]
[neitavir.site/dofus/ng/modules/mmorpg/encyclopedia/breeds/assets/icon-breed.html]
[neitavir.site/dofus/ng/modules/mmorpg/encyclopedia/monsters/bg-monster-spells.html]
[neitavir.site/dofus/ng/modules/mmorpg/encyclopedia/monsters/btn-play.html]
[neitavir.site/dofus/ng/modules/mmorpg/encyclopedia/monsters/green-arrow.html]
[neitavir.site/dofus/1/mmorpg/encyclopedia/monsters/droppeur.html]
[neitavir.site/dofus/ng/modules/mmorpg/encyclopedia/sets/bg_pano_item.html]
[neitavir.site/dofus/ng/modules/mmorpg/encyclopedia/rides/module/bg_crossing.html]
[neitavir.site/dofus/ng/modules/mmorpg/community/directories/characters/caracteristics/puce_red.html]
[neitavir.site/g/modules/dofus/render/loading.html]
[neitavir.site/css/carrousel-bg/dofus-retro.html]
[neitavir.site/dofus/ng/modules/mmorpg/homepage/assets/btn-news.html]
[neitavir.site/dofus/ng/modules/mmorpg/homepage/assets/btn-devblog.html]
[neitavir.site/dofus/ng/modules/mmorpg/homepage/assets/btn-patch.html]
[neitavir.site/dofus/ng/modules/mmorpg/homepage/assets/icon-fb.html]
[neitavir.site/dofus/ng/modules/mmorpg/homepage/assets/icon-yt.html]
[neitavir.site/dofus/ng/modules/mmorpg/homepage/assets/btn-twt.html]
[neitavir.site/dofus/ng/modules/mmorpg/homepage/assets/icon-tofu-tutorial.html]
[neitavir.site/g/modules/mmorpg/homepage/assets/btn-wakfunding.html]
[neitavir.site/g/modules/mmorpg/homepage/assets/dofus/title-twitch.html]
[neitavir.site/g/modules/mmorpg/homepage/assets/dofus/picto-twitch.html]
[neitavir.site/g/modules/mmorpg/homepage/assets/dofus/title-yt.html]
[neitavir.site/g/modules/mmorpg/homepage/assets/dofus/picto-yt.html]
[neitavir.site/g/modules/mmorpg/homepage/assets/dofus/overlay-channel.html]
[neitavir.site/g/modules/mmorpg/homepage/assets/dofus/picto-view.html]
